// 重构日志: 35f7881d
// 重构日志: 3dc8f0c9
// 重构日志: fa046850
// 重构日志: f79045b4
// 同步 ID: 0d1b8299 @ Tue Jul 28 10:32:21 UTC 2026
// 同步 ID: b48d1e4b @ Wed Jul 29 08:32:53 UTC 2026
// 重构日志: cd3a1575
// 重构日志: 6c37a3cb
// 同步 ID: 024698bd @ Thu Jul 30 12:27:34 UTC 2026
// 重构日志: b2570339
// 同步 ID: 00564b6b @ Fri Jul 31 06:12:08 UTC 2026
// 重构日志: a4af4104
// 重构日志: d8fdd738
// 重构日志: f752ca30
// 重构日志: 92855bff
// 重构日志: 48cb4514
// 重构日志: 97bf7bfc
// 重构日志: e6570538
// 重构日志: 51c20eb8
// 同步 ID: 69f06c98 @ Sun Aug  2 08:04:50 UTC 2026
// 同步 ID: e4d135c7 @ Sun Aug  2 10:29:52 UTC 2026
// 同步 ID: 0eb7fd4e @ Sun Aug  2 12:14:46 UTC 2026
// 同步 ID: fe7d864a @ Mon Aug  3 18:05:39 UTC 2026
// 同步 ID: 2bcb4c58 @ Tue Aug  4 04:30:40 UTC 2026
// 重构日志: 76c9f399
// 同步 ID: 191b240f @ Tue Aug  4 17:32:47 UTC 2026
// 重构日志: 7e2c5c19
// 同步 ID: 8fbe0395 @ Wed Aug  5 12:45:55 UTC 2026
// 同步 ID: b58d9649 @ Wed Aug  5 21:33:02 UTC 2026
// 同步 ID: 70ae7619 @ Fri Aug  7 00:57:32 UTC 2026
// 重构日志: 8dcd4b4d
